 Container orders-rag-followup-student4-database-1 Recreate 
 Container orders-rag-followup-student4-database-1 Recreated 
 Container orders-rag-followup-student4-database-1 Starting 
 Container orders-rag-followup-student4-database-1 Started 
 Container orders-rag-followup-student4-database-1 Waiting 
 Container orders-rag-followup-student4-database-1 Healthy 
 Container orders-rag-followup-student4-backend-1 Starting 
 Container orders-rag-followup-student4-backend-1 Started 
 Container orders-rag-followup-student4-frontend-1 Starting 
 Container orders-rag-followup-student4-frontend-1 Started 
statuses 503 error UI False
confirmed_cancel 503 error UI False
records 503 error UI False
delivery_unknown 503 error UI False
refund_unknown 503 error UI False
delivery_paraphrase 200 success UI True
refund_paraphrase 200 success UI True
refund_implemented 503 error UI False
delivery_implemented 200 insufficient_context UI True
refund_korean 200 insufficient_context UI True
refund_delay_korean 200 insufficient_context UI True
 Container orders-rag-followup-student4-frontend-1 Stopping 
 Container orders-rag-followup-student4-frontend-1 Stopped 
 Container orders-rag-followup-student4-backend-1 Stopping 
 Container orders-rag-followup-student4-backend-1 Stopped 
 Container orders-rag-followup-student4-database-1 Stopping 
 Container orders-rag-followup-student4-database-1 Stopped 
REVIEW_REQUIRED: compare all answers and retrieved text; collection is not correctness PASS
