 Container orders-rag-followup-student4-database-1 Starting 
 Container orders-rag-followup-student4-database-1 Started 
 Container orders-rag-followup-student4-database-1 Waiting 
 Container orders-rag-followup-student4-database-1 Healthy 
 Container orders-rag-followup-student4-backend-1 Starting 
 Container orders-rag-followup-student4-backend-1 Started 
 Container orders-rag-followup-student4-frontend-1 Starting 
 Container orders-rag-followup-student4-frontend-1 Started 
statuses 200 insufficient_context UI True
confirmed_cancel 200 insufficient_context UI True
records 200 insufficient_context UI True
delivery_unknown 200 insufficient_context UI True
refund_unknown 200 insufficient_context UI True
delivery_paraphrase 200 insufficient_context UI True
refund_paraphrase 200 insufficient_context UI True
refund_implemented 200 insufficient_context UI True
delivery_implemented 200 insufficient_context UI True
refund_korean 200 insufficient_context UI True
refund_delay_korean 200 insufficient_context UI True
 Container orders-rag-followup-student4-frontend-1 Stopping 
 Container orders-rag-followup-student4-frontend-1 Stopped 
 Container orders-rag-followup-student4-backend-1 Stopping 
 Container orders-rag-followup-student4-backend-1 Stopped 
 Container orders-rag-followup-student4-database-1 Stopping 
 Container orders-rag-followup-student4-database-1 Stopped 
REVIEW_REQUIRED: compare all answers and retrieved text; collection is not correctness PASS
